 
cpldfit:  version P.20131013                        Xilinx Inc.
                                  Fitter Report
Design Name: main                                Date:  6- 9-2020,  4:48PM
Device Used: XC2C256-6-TQ144
Fitting Status: Successful

*************************  Mapped Resource Summary  **************************

Macrocells     Product Terms    Function Block   Registers      Pins           
Used/Tot       Used/Tot         Inps Used/Tot    Used/Tot       Used/Tot       
70 /256 ( 27%) 182 /896  ( 20%) 164 /640  ( 26%) 46 /256 ( 18%) 21 /118 ( 18%)

** Function Block Resources **

Function Mcells   FB Inps  Pterms   IO       CTC      CTR      CTS      CTE     
Block    Used/Tot Used/Tot Used/Tot Used/Tot Used/Tot Used/Tot Used/Tot Used/Tot
FB1      16/16*    15/40    16/56     0/ 6    1/1*     0/1      0/1      0/1
FB2      15/16     29/40    56/56*    0/ 8    1/1*     0/1      0/1      0/1
FB3      14/16     38/40*   26/56     0/ 6    1/1*     0/1      0/1      0/1
FB4       9/16     24/40    15/56     0/ 8    1/1*     0/1      0/1      0/1
FB5       0/16      0/40     0/56     0/ 5    0/1      0/1      0/1      0/1
FB6       0/16      0/40     0/56     0/ 8    0/1      0/1      0/1      0/1
FB7       0/16      0/40     0/56     0/ 8    0/1      0/1      0/1      0/1
FB8       0/16      0/40     0/56     0/ 8    0/1      0/1      0/1      0/1
FB9       0/16      0/40     0/56     0/ 8    0/1      0/1      0/1      0/1
FB10      0/16      0/40     0/56     0/ 9    0/1      0/1      0/1      0/1
FB11      4/16      2/40     4/56     4/ 8    0/1      0/1      0/1      0/1
FB12      0/16      0/40     0/56     0/ 6    0/1      0/1      0/1      0/1
FB13      0/16      0/40     0/56     0/ 8    0/1      0/1      0/1      0/1
FB14      5/16     28/40    18/56     5/ 8    1/1*     0/1      0/1      0/1
FB15      0/16      0/40     0/56     0/ 7    0/1      0/1      0/1      0/1
FB16      7/16     28/40    47/56     7/ 7*   1/1*     0/1      0/1      0/1
         -----    -------  -------   -----    ---      ---      ---      ---
Total    70/256   164/640  182/896   16/118   6/16     0/16     0/16     0/16

CTC - Control Term Clock
CTR - Control Term Reset
CTS - Control Term Set
CTE - Control Term Output Enable

* - Resource is exhausted

** Global Control Resources **

GCK         GSR         GTS         DGE         
Used/Tot    Used/Tot    Used/Tot    Used/Tot    
1/3         0/1         0/4         0/1

Signal 'clock' mapped onto global clock net GCK2.

** Pin Resources **

Signal Type    Required     Mapped  |  Pin Type            Used    Total 
------------------------------------|------------------------------------
Input         :    4           4    |  I/O              :    18    108
Output        :   16          16    |  GCK/IO           :     1      3
Bidirectional :    0           0    |  GTS/IO           :     0      4
GCK           :    1           1    |  GSR/IO           :     1      1
GTS           :    0           0    |  CDR/IO           :     0      1
GSR           :    0           0    |  DGE/IO           :     1      1
                 ----        ----
        Total     21          21

End of Mapped Resource Summary
**************************  Errors and Warnings  ***************************

WARNING:Cpld - Unable to retrieve the path to the iSE Project Repository. Will
   use the default filename of 'main.ise'.
INFO:Cpld - Inferring BUFG constraint for signal 'clock' based upon the LOC
   constraint 'P38'. It is recommended that you declare this BUFG explicitedly
   in your design. Note that for certain device families the output of a BUFG
   constraint can not drive a gated clock, and the BUFG constraint will be
   ignored.
WARNING:Cpld - Unable to map all desired signals into function block, FB16.
   Buffering output signal katody_7seg<2> to allow all signals assigned to this
   function block to be placed.
*************************  Summary of Mapped Logic  ************************

** 16 Outputs **

Signal                     Total Total Bank Loc     Pin   Pin       Pin     I/O      I/O       Slew Reg     Reg Init
Name                       Pts   Inps               No.   Type      Use     STD      Style     Rate Use     State
segment<0>                 1     2     2    FB11_13 126   I/O       O       LVCMOS18           FAST         
segment<1>                 1     2     2    FB11_14 128   I/O       O       LVCMOS18           FAST         
segment<2>                 1     2     2    FB11_15 129   I/O       O       LVCMOS18           FAST         
segment<3>                 1     2     2    FB11_16 130   I/O       O       LVCMOS18           FAST         
diody<0>                   3     9     1    FB14_4  69    I/O       O       LVCMOS18           FAST DEFF/S  SET
diody<1>                   3     9     1    FB14_6  68    I/O       O       LVCMOS18           FAST DEFF/S  SET
diody<2>                   3     9     1    FB14_13 66    I/O       O       LVCMOS18           FAST DEFF/S  SET
diody<3>                   3     9     1    FB14_14 64    I/O       O       LVCMOS18           FAST DEFF/S  SET
katody_7seg<6>             12    19    1    FB14_16 61    I/O       O       LVCMOS18           FAST         
katody_7seg<2>             1     1     1    FB16_5  60    I/O       O       LVCMOS18           FAST         
kropka                     1     8     1    FB16_6  59    I/O       O       LVCMOS18           FAST TFF/S   SET
katody_7seg<3>             13    19    1    FB16_11 58    I/O       O       LVCMOS18           FAST         
katody_7seg<4>             8     18    1    FB16_12 57    I/O       O       LVCMOS18           FAST         
katody_7seg<0>             12    19    1    FB16_13 56    I/O       O       LVCMOS18           FAST         
katody_7seg<5>             13    19    1    FB16_15 54    I/O       O       LVCMOS18           FAST         
katody_7seg<1>             12    19    1    FB16_16 53    I/O       O       LVCMOS18           FAST         

** 54 Buried Nodes **

Signal                     Total Total Loc     Reg     Reg Init
Name                       Pts   Inps          Use     State
XLXI_1/counter<11>         2     8     FB1_1   TFF     RESET
XLXI_1/counter<10>         2     8     FB1_2   TFF     RESET
XLXI_9/counter<1>          2     9     FB1_3   TFF     RESET
XLXI_9/counter<0>          1     8     FB1_4   TFF     RESET
XLXI_1/counter<7>          1     2     FB1_5   TFF     RESET
XLXI_1/counter<6>          2     8     FB1_6   TFF     RESET
N_PZ_219                   1     6     FB1_7           
XLXI_1/counter<5>          1     5     FB1_8   TFF     RESET
XLXI_1/counter<4>          1     4     FB1_9   TFF     RESET
XLXI_1/counter<3>          1     3     FB1_10  TFF     RESET
XLXI_1/counter<2>          1     2     FB1_11  TFF     RESET
XLXI_1/counter<9>          2     8     FB1_12  TFF     RESET
XLXI_1/counter<8>          2     8     FB1_13  TFF     RESET
XLXI_1/counter<12>         2     8     FB1_14  TFF     RESET
XLXI_1/counter<1>          1     1     FB1_15  TFF     RESET
XLXI_1/counter<0>          0     0     FB1_16  TFF     RESET
XLXN_16<0>                 4     20    FB2_2   TFF     RESET
katody_7seg<2>_BUFR        12    18    FB2_3           
XLXN_17<1>                 5     17    FB2_4   TFF/S   SET
XLXN_17<2>                 4     17    FB2_5   TFF     RESET
XLXN_18<2>                 3     21    FB2_6   TFF/S   SET
XLXN_18<1>                 5     21    FB2_7   TFF     RESET
XLXN_18<3>                 3     21    FB2_8   TFF     RESET
XLXN_19<0>                 3     23    FB2_9   TFF/S   SET
XLXN_19<3>                 3     25    FB2_10  TFF     RESET
XLXN_19<1>                 3     24    FB2_11  TFF     RESET
XLXN_17<3>                 6     20    FB2_12  TFF     RESET
XLXN_18<0>                 5     20    FB2_13  TFF     RESET
XLXN_17<0>                 8     20    FB2_14  TFF     RESET
XLXN_16<3>                 7     20    FB2_15  TFF     RESET
XLXN_19<2>                 3     25    FB2_16  TFF     RESET
XLXI_8/stop_not00016       2     2     FB3_3           
XLXI_8/explosion_not00015  1     2     FB3_4           
XLXI_8/explosion_not00017  2     3     FB3_5           
N_PZ_294                   1     3     FB3_6           
N_PZ_205                   1     4     FB3_7           
XLXI_8/isCounting__or0001  2     3     FB3_8           
N_PZ_301                   1     4     FB3_9           
XLXI_8/isCounting          3     9     FB3_10  DEFF/S  SET
XLXN_16<1>                 5     13    FB3_11  DFF     RESET

Signal                     Total Total Loc     Reg     Reg Init
Name                       Pts   Inps          Use     State
XLXN_16<2>                 4     13    FB3_12  TFF/S   SET
N_PZ_266                   4     14    FB3_13          
N_PZ_289                   1     3     FB3_14          
XLXI_8/isOver__or0000      3     16    FB3_15          
XLXI_8/reset_not00011      1     2     FB3_16          
XLXI_8/explosion           2     3     FB4_7   LATCH   RESET
XLXI_8/reset               2     2     FB4_8   LATCH   RESET
XLXN_10<1>                 2     9     FB4_9   TFF     RESET
XLXI_9/counter<3>          2     11    FB4_10  TFF     RESET
XLXI_9/counter<4>          2     12    FB4_11  TFF     RESET
XLXI_9/counter<6>          3     15    FB4_13  TFF     RESET
XLXI_8/stop                2     4     FB4_14  LATCH   RESET
XLXI_9/counter<5>          3     15    FB4_15  TFF     RESET
XLXI_9/counter<2>          4     15    FB4_16  TFF     RESET

** 5 Inputs **

Signal                     Bank Loc     Pin   Pin       Pin     I/O      I/O
Name                                    No.   Type      Use     STD      Style
przyciski<0>               2    FB1_3   143   GSR/I/O   I       LVCMOS18 KPR
clock                      1    FB6_4   38    GCK/I/O   GCK     LVCMOS18 KPR
przelaczniki<0>            1    FB6_12  39    DGE/I/O   I       LVCMOS18 KPR
przelaczniki<1>            2    FB11_11 124   I/O       I       LVCMOS18 KPR
przyciski<1>               2    FB12_15 94    I/O       I       LVCMOS18 KPR

Legend:
Pin No.   - ~     - User Assigned
I/O Style - OD    - OpenDrain
          - PU    - Pullup
          - KPR   - Keeper
          - S     - SchmittTrigger
          - DG    - DataGate
Reg Use   - LATCH - Transparent latch
          - DFF   - D-flip-flop
          - DEFF  - D-flip-flop with clock enable
          - TFF   - T-flip-flop
          - TDFF  - Dual-edge-triggered T-flip-flop
          - DDFF  - Dual-edge-triggered flip-flop
          - DDEFF - Dual-edge-triggered flip-flop with clock enable
          /S (after any above flop/latch type) indicates initial state is Set
**************************  Function Block Details  ************************
Legend:
Total Pt     - Total product terms used by the macrocell signal
Loc          - Location where logic was mapped in device
Pin Type/Use - I  - Input             GCK - Global clock
               O  - Output            GTS - Global Output Enable
              (b) - Buried macrocell  GSR - Global Set/Reset
              VRF - Vref
Pin No.      - ~  - User Assigned
*********************************** FB1  ***********************************
This function block is part of I/O Bank number:               2
Number of function block inputs used/remaining:               15/25
Number of function block control terms used/remaining:        1/3
Number of PLA product terms used/remaining:                   16/40
Signal                        Total Loc     Pin  Pin     Pin   CTC CTR CTS CTE
Name                          Pt            No.  Type    Use   
XLXI_1/counter<11>            2     FB1_1        (b)     (b)               
XLXI_1/counter<10>            2     FB1_2        (b)     (b)               
XLXI_9/counter<1>             2     FB1_3   143  GSR/I/O I      +          
XLXI_9/counter<0>             1     FB1_4   142  I/O     (b)    +          
XLXI_1/counter<7>             1     FB1_5        (b)     (b)               
XLXI_1/counter<6>             2     FB1_6   140  I/O     (b)               
N_PZ_219                      1     FB1_7        (b)     (b)               
XLXI_1/counter<5>             1     FB1_8        (b)     (b)               
XLXI_1/counter<4>             1     FB1_9        (b)     (b)               
XLXI_1/counter<3>             1     FB1_10       (b)     (b)               
XLXI_1/counter<2>             1     FB1_11       (b)     (b)               
XLXI_1/counter<9>             2     FB1_12  139  I/O     (b)               
XLXI_1/counter<8>             2     FB1_13  138  I/O     (b)               
XLXI_1/counter<12>            2     FB1_14  137  I/O     (b)               
XLXI_1/counter<1>             1     FB1_15       (b)     (b)               
XLXI_1/counter<0>             0     FB1_16       (b)     (b)               

Signals Used by Logic in Function Block
  1: N_PZ_219             6: XLXI_1/counter<1>  11: XLXI_1/counter<6> 
  2: XLXI_1/counter<0>    7: XLXI_1/counter<2>  12: XLXI_1/counter<7> 
  3: XLXI_1/counter<10>   8: XLXI_1/counter<3>  13: XLXI_1/counter<8> 
  4: XLXI_1/counter<11>   9: XLXI_1/counter<4>  14: XLXI_1/counter<9> 
  5: XLXI_1/counter<12>  10: XLXI_1/counter<5>  15: XLXI_9/counter<0> 

Signal                     1         2         3         4 FB      
Name             0----+----0----+----0----+----0----+----0 Inputs  
XLXI_1/counter<11> 
                  X.XXX.....XXXX.......................... 8       
XLXI_1/counter<10> 
                  X.XXX.....XXXX.......................... 8       
XLXI_9/counter<1> 
                  X.XXX.....XXXXX......................... 9       
XLXI_9/counter<0> 
                  X.XXX.....XXXX.......................... 8       
XLXI_1/counter<7> 
                  X.........X............................. 2       
XLXI_1/counter<6> 
                  X.XXX.....XXXX.......................... 8       
N_PZ_219          .X...XXXXX.............................. 6       
XLXI_1/counter<5> 
                  .X...XXXX............................... 5       
XLXI_1/counter<4> 
                  .X...XXX................................ 4       
XLXI_1/counter<3> 
                  .X...XX................................. 3       
XLXI_1/counter<2> 
                  .X...X.................................. 2       
XLXI_1/counter<9> 
                  X.XXX.....XXXX.......................... 8       
XLXI_1/counter<8> 
                  X.XXX.....XXXX.......................... 8       
XLXI_1/counter<12> 
                  X.XXX.....XXXX.......................... 8       
XLXI_1/counter<1> 
                  .X...................................... 1       
XLXI_1/counter<0> 
                  ........................................ 0       
                 0----+----1----+----2----+----3----+----4
                           0         0         0         0
*********************************** FB2  ***********************************
This function block is part of I/O Bank number:               2
Number of function block inputs used/remaining:               29/11
Number of function block control terms used/remaining:        1/3
Number of PLA product terms used/remaining:                   56/0
Signal                        Total Loc     Pin  Pin     Pin   CTC CTR CTS CTE
Name                          Pt            No.  Type    Use   
(unused)                      0     FB2_1   2    GTS/I/O       
XLXN_16<0>                    4     FB2_2        (b)     (b)    +          
katody_7seg<2>_BUFR           12    FB2_3   3    GTS/I/O (b)               
XLXN_17<1>                    5     FB2_4   4    I/O     (b)    +          
XLXN_17<2>                    4     FB2_5   5    GTS/I/O (b)    +          
XLXN_18<2>                    3     FB2_6        (b)     (b)    +          
XLXN_18<1>                    5     FB2_7        (b)     (b)    +          
XLXN_18<3>                    3     FB2_8        (b)     (b)    +          
XLXN_19<0>                    3     FB2_9        (b)     (b)    +          
XLXN_19<3>                    3     FB2_10       (b)     (b)    +          
XLXN_19<1>                    3     FB2_11       (b)     (b)    +          
XLXN_17<3>                    6     FB2_12  6    GTS/I/O (b)    +          
XLXN_18<0>                    5     FB2_13  7    I/O     (b)    +          
XLXN_17<0>                    8     FB2_14  9    I/O     (b)    +          
XLXN_16<3>                    7     FB2_15  10   I/O     (b)    +          
XLXN_19<2>                    3     FB2_16       (b)     (b)    +          

Signals Used by Logic in Function Block
  1: N_PZ_205           11: XLXI_9/counter<6>  21: XLXN_18<0> 
  2: N_PZ_294           12: XLXN_10<1>         22: XLXN_18<1> 
  3: N_PZ_301           13: XLXN_16<0>         23: XLXN_18<2> 
  4: XLXI_8/reset       14: XLXN_16<1>         24: XLXN_18<3> 
  5: XLXI_9/counter<0>  15: XLXN_16<2>         25: XLXN_19<0> 
  6: XLXI_9/counter<1>  16: XLXN_16<3>         26: XLXN_19<1> 
  7: XLXI_9/counter<2>  17: XLXN_17<0>         27: XLXN_19<2> 
  8: XLXI_9/counter<3>  18: XLXN_17<1>         28: XLXN_19<3> 
  9: XLXI_9/counter<4>  19: XLXN_17<2>         29: kropka 
 10: XLXI_9/counter<5>  20: XLXN_17<3>        

Signal                     1         2         3         4 FB      
Name             0----+----0----+----0----+----0----+----0 Inputs  
XLXN_16<0>        .XXXXXXXXXX.XXXXXXXXXX.................. 20      
katody_7seg<2>_BUFR 
                  ...........XXXXXXXXXXXXXXXXXX........... 18      
XLXN_17<1>        ..XXXXXXXXX.XXXXXXXX.................... 17      
XLXN_17<2>        ..XXXXXXXXX.XXXXXXXX.................... 17      
XLXN_18<2>        .XXXXXXXXXX.XXXXXXXXXXX................. 21      
XLXN_18<1>        ..XXXXXXXXX.XXXXXXXXXXXX................ 21      
XLXN_18<3>        ..XXXXXXXXX.XXXXXXXXXXXX................ 21      
XLXN_19<0>        X.XXXXXXXXX.XXXXXXXXXXXXX............... 23      
XLXN_19<3>        ..XXXXXXXXX.XXXXXXXXXXXXXXXX............ 25      
XLXN_19<1>        X.XXXXXXXXX.XXXXXXXXXXXXXX.............. 24      
XLXN_17<3>        .XXXXXXXXXX.XXXXXXXXXX.................. 20      
XLXN_18<0>        .XXXXXXXXXX.XXXXXXXXXX.................. 20      
XLXN_17<0>        .XXXXXXXXXX.XXXXXXXXXX.................. 20      
XLXN_16<3>        .XXXXXXXXXX.XXXXXXXXXX.................. 20      
XLXN_19<2>        X.XXXXXXXXX.XXXXXXXXXXXXXXX............. 25      
                 0----+----1----+----2----+----3----+----4
                           0         0         0         0
*********************************** FB3  ***********************************
This function block is part of I/O Bank number:               2
Number of function block inputs used/remaining:               38/2
Number of function block control terms used/remaining:        1/3
Number of PLA product terms used/remaining:                   26/30
Signal                        Total Loc     Pin  Pin     Pin   CTC CTR CTS CTE
Name                          Pt            No.  Type    Use   
(unused)                      0     FB3_1   136  I/O           
(unused)                      0     FB3_2   135  I/O           
XLXI_8/stop_not00016          2     FB3_3   134  I/O     (b)               
XLXI_8/explosion_not00015     1     FB3_4        (b)     (b)               
XLXI_8/explosion_not00017     2     FB3_5   133  I/O     (b)               
N_PZ_294                      1     FB3_6        (b)     (b)               
N_PZ_205                      1     FB3_7        (b)     (b)               
XLXI_8/isCounting__or0001     2     FB3_8        (b)     (b)               
N_PZ_301                      1     FB3_9        (b)     (b)               
XLXI_8/isCounting             3     FB3_10       (b)     (b)    +          
XLXN_16<1>                    5     FB3_11       (b)     (b)    +          
XLXN_16<2>                    4     FB3_12       (b)     (b)    +          
N_PZ_266                      4     FB3_13       (b)     (b)               
N_PZ_289                      1     FB3_14  132  I/O     (b)               
XLXI_8/isOver__or0000         3     FB3_15       (b)     (b)               
XLXI_8/reset_not00011         1     FB3_16  131  I/O     (b)               

Signals Used by Logic in Function Block
  1: N_PZ_205                   14: XLXI_9/counter<5>  27: XLXN_18<2> 
  2: N_PZ_294                   15: XLXI_9/counter<6>  28: XLXN_18<3> 
  3: N_PZ_301                   16: XLXN_10<1>         29: XLXN_19<0> 
  4: XLXI_8/explosion           17: XLXN_16<0>         30: XLXN_19<1> 
  5: XLXI_8/isCounting          18: XLXN_16<1>         31: XLXN_19<2> 
  6: XLXI_8/isCounting__or0001  19: XLXN_16<2>         32: XLXN_19<3> 
  7: XLXI_8/reset               20: XLXN_16<3>         33: diody<3> 
  8: XLXI_8/stop                21: XLXN_17<0>         34: kropka 
  9: XLXI_9/counter<0>          22: XLXN_17<1>         35: przelaczniki<0> 
 10: XLXI_9/counter<1>          23: XLXN_17<2>         36: przelaczniki<1> 
 11: XLXI_9/counter<2>          24: XLXN_17<3>         37: przyciski<0> 
 12: XLXI_9/counter<3>          25: XLXN_18<0>         38: przyciski<1> 
 13: XLXI_9/counter<4>          26: XLXN_18<1>        

Signal                     1         2         3         4 FB      
Name             0----+----0----+----0----+----0----+----0 Inputs  
XLXI_8/stop_not00016 
                  ..................................XX.... 2       
XLXI_8/explosion_not00015 
                  ....................................XX.. 2       
XLXI_8/explosion_not00017 
                  ..................................XX.X.. 3       
N_PZ_294          X.........................XX............ 3       
N_PZ_205          ............................XXXX........ 4       
XLXI_8/isCounting__or0001 
                  ...X..XX................................ 3       
N_PZ_301          ...XX..X........................X....... 4       
XLXI_8/isCounting 
                  .....XX.XXXXXXX......................... 9       
XLXN_16<1>        ..X...X.XXXXXXX.XXXX.................... 13      
XLXN_16<2>        ..X...X.XXXXXXX.XXXX.................... 13      
N_PZ_266          ...............X.XXX.XXX.XXX.XXX.X...... 14      
N_PZ_289          ..................................XX.X.. 3       
XLXI_8/isOver__or0000 
                  .X.XX.XX........XXXXXXXXXX......X....... 16      
XLXI_8/reset_not00011 
                  ....................................XX.. 2       
                 0----+----1----+----2----+----3----+----4
                           0         0         0         0
*********************************** FB4  ***********************************
This function block is part of I/O Bank number:               2
Number of function block inputs used/remaining:               24/16
Number of function block control terms used/remaining:        1/3
Number of PLA product terms used/remaining:                   15/41
Signal                        Total Loc     Pin  Pin     Pin   CTC CTR CTS CTE
Name                          Pt            No.  Type    Use   
(unused)                      0     FB4_1   11   I/O           
(unused)                      0     FB4_2   12   I/O           
(unused)                      0     FB4_3   13   I/O           
(unused)                      0     FB4_4   14   I/O           
(unused)                      0     FB4_5   15   I/O           
(unused)                      0     FB4_6   16   I/O           
XLXI_8/explosion              2     FB4_7        (b)     (b)               
XLXI_8/reset                  2     FB4_8        (b)     (b)               
XLXN_10<1>                    2     FB4_9        (b)     (b)    +          
XLXI_9/counter<3>             2     FB4_10       (b)     (b)    +          
XLXI_9/counter<4>             2     FB4_11       (b)     (b)    +          
(unused)                      0     FB4_12  17   I/O           
XLXI_9/counter<6>             3     FB4_13       (b)     (b)    +          
XLXI_8/stop                   2     FB4_14  18   I/O     (b)               
XLXI_9/counter<5>             3     FB4_15       (b)     (b)    +          
XLXI_9/counter<2>             4     FB4_16       (b)     (b)    +          

Signals Used by Logic in Function Block
  1: N_PZ_219             9: XLXI_1/counter<9>          17: XLXI_9/counter<3> 
  2: N_PZ_289            10: XLXI_8/explosion_not00015  18: XLXI_9/counter<4> 
  3: XLXI_1/counter<10>  11: XLXI_8/explosion_not00017  19: XLXI_9/counter<5> 
  4: XLXI_1/counter<11>  12: XLXI_8/reset_not00011      20: XLXI_9/counter<6> 
  5: XLXI_1/counter<12>  13: XLXI_8/stop_not00016       21: kropka 
  6: XLXI_1/counter<6>   14: XLXI_9/counter<0>          22: przelaczniki<0> 
  7: XLXI_1/counter<7>   15: XLXI_9/counter<1>          23: przelaczniki<1> 
  8: XLXI_1/counter<8>   16: XLXI_9/counter<2>          24: przyciski<1> 

Signal                     1         2         3         4 FB      
Name             0----+----0----+----0----+----0----+----0 Inputs  
XLXI_8/explosion  .X.......XX............................. 3       
XLXI_8/reset      .X.........X............................ 2       
XLXN_10<1>        X.XXXXXXX...........X................... 9       
XLXI_9/counter<3> 
                  X.XXXXXXX....XXX........................ 11      
XLXI_9/counter<4> 
                  X.XXXXXXX....XXXX....................... 12      
XLXI_9/counter<6> 
                  X.XXXXXXX....XXXXXXX.................... 15      
XLXI_8/stop       ............X........XXX................ 4       
XLXI_9/counter<5> 
                  X.XXXXXXX....XXXXXXX.................... 15      
XLXI_9/counter<2> 
                  X.XXXXXXX....XXXXXXX.................... 15      
                 0----+----1----+----2----+----3----+----4
                           0         0         0         0
*********************************** FB5  ***********************************
This function block is part of I/O Bank number:               1
Number of function block inputs used/remaining:               0/40
Number of function block control terms used/remaining:        0/4
Number of PLA product terms used/remaining:                   0/56
Signal                        Total Loc     Pin  Pin     Pin   CTC CTR CTS CTE
Name                          Pt            No.  Type    Use   
(unused)                      0     FB5_1        (b)           
(unused)                      0     FB5_2   33   I/O           
(unused)                      0     FB5_3        (b)           
(unused)                      0     FB5_4   32   GCK/I/O       
(unused)                      0     FB5_5   31   I/O           
(unused)                      0     FB5_6   30   GCK/I/O       
(unused)                      0     FB5_7        (b)           
(unused)                      0     FB5_8        (b)           
(unused)                      0     FB5_9        (b)           
(unused)                      0     FB5_10       (b)           
(unused)                      0     FB5_11       (b)           
(unused)                      0     FB5_12       (b)           
(unused)                      0     FB5_13       (b)           
(unused)                      0     FB5_14  28   I/O           
(unused)                      0     FB5_15       (b)           
(unused)                      0     FB5_16       (b)           
*********************************** FB6  ***********************************
This function block is part of I/O Bank number:               1
Number of function block inputs used/remaining:               0/40
Number of function block control terms used/remaining:        0/4
Number of PLA product terms used/remaining:                   0/56
Signal                        Total Loc     Pin  Pin     Pin   CTC CTR CTS CTE
Name                          Pt            No.  Type    Use   
(unused)                      0     FB6_1   34   I/O           
(unused)                      0     FB6_2   35   CDR/I/O       
(unused)                      0     FB6_3        (b)           
(unused)                      0     FB6_4   38   GCK/I/O GCK   
(unused)                      0     FB6_5        (b)           
(unused)                      0     FB6_6        (b)           
(unused)                      0     FB6_7        (b)           
(unused)                      0     FB6_8        (b)           
(unused)                      0     FB6_9        (b)           
(unused)                      0     FB6_10       (b)           
(unused)                      0     FB6_11       (b)           
(unused)                      0     FB6_12  39   DGE/I/O I     
(unused)                      0     FB6_13  40   I/O           
(unused)                      0     FB6_14  41   I/O           
(unused)                      0     FB6_15  42   I/O           
(unused)                      0     FB6_16  43   I/O           
*********************************** FB7  ***********************************
This function block is part of I/O Bank number:               1
Number of function block inputs used/remaining:               0/40
Number of function block control terms used/remaining:        0/4
Number of PLA product terms used/remaining:                   0/56
Signal                        Total Loc     Pin  Pin     Pin   CTC CTR CTS CTE
Name                          Pt            No.  Type    Use   
(unused)                      0     FB7_1        (b)           
(unused)                      0     FB7_2        (b)           
(unused)                      0     FB7_3        (b)           
(unused)                      0     FB7_4        (b)           
(unused)                      0     FB7_5   26   I/O           
(unused)                      0     FB7_6   25   I/O           
(unused)                      0     FB7_7        (b)           
(unused)                      0     FB7_8        (b)           
(unused)                      0     FB7_9        (b)           
(unused)                      0     FB7_10       (b)           
(unused)                      0     FB7_11  24   I/O           
(unused)                      0     FB7_12  23   I/O           
(unused)                      0     FB7_13  22   I/O           
(unused)                      0     FB7_14  21   I/O           
(unused)                      0     FB7_15  20   I/O           
(unused)                      0     FB7_16  19   I/O           
*********************************** FB8  ***********************************
This function block is part of I/O Bank number:               1
Number of function block inputs used/remaining:               0/40
Number of function block control terms used/remaining:        0/4
Number of PLA product terms used/remaining:                   0/56
Signal                        Total Loc     Pin  Pin     Pin   CTC CTR CTS CTE
Name                          Pt            No.  Type    Use   
(unused)                      0     FB8_1   44   I/O           
(unused)                      0     FB8_2   45   I/O           
(unused)                      0     FB8_3   46   I/O           
(unused)                      0     FB8_4        (b)           
(unused)                      0     FB8_5   48   I/O           
(unused)                      0     FB8_6   49   I/O           
(unused)                      0     FB8_7        (b)           
(unused)                      0     FB8_8        (b)           
(unused)                      0     FB8_9        (b)           
(unused)                      0     FB8_10       (b)           
(unused)                      0     FB8_11  50   I/O           
(unused)                      0     FB8_12  51   I/O           
(unused)                      0     FB8_13  52   I/O           
(unused)                      0     FB8_14       (b)           
(unused)                      0     FB8_15       (b)           
(unused)                      0     FB8_16       (b)           
*********************************** FB9  ***********************************
This function block is part of I/O Bank number:               2
Number of function block inputs used/remaining:               0/40
Number of function block control terms used/remaining:        0/4
Number of PLA product terms used/remaining:                   0/56
Signal                        Total Loc     Pin  Pin     Pin   CTC CTR CTS CTE
Name                          Pt            No.  Type    Use   
(unused)                      0     FB9_1   112  I/O           
(unused)                      0     FB9_2   113  I/O           
(unused)                      0     FB9_3        (b)           
(unused)                      0     FB9_4   114  I/O           
(unused)                      0     FB9_5        (b)           
(unused)                      0     FB9_6   115  I/O           
(unused)                      0     FB9_7        (b)           
(unused)                      0     FB9_8        (b)           
(unused)                      0     FB9_9        (b)           
(unused)                      0     FB9_10       (b)           
(unused)                      0     FB9_11       (b)           
(unused)                      0     FB9_12  116  I/O           
(unused)                      0     FB9_13  117  I/O           
(unused)                      0     FB9_14  118  I/O           
(unused)                      0     FB9_15  119  I/O           
(unused)                      0     FB9_16       (b)           
*********************************** FB10 ***********************************
This function block is part of I/O Bank number:               2
Number of function block inputs used/remaining:               0/40
Number of function block control terms used/remaining:        0/4
Number of PLA product terms used/remaining:                   0/56
Signal                        Total Loc     Pin  Pin     Pin   CTC CTR CTS CTE
Name                          Pt            No.  Type    Use   
(unused)                      0     FB10_1  111  I/O           
(unused)                      0     FB10_2  110  I/O           
(unused)                      0     FB10_3  107  I/O           
(unused)                      0     FB10_4  106  I/O           
(unused)                      0     FB10_5  105  I/O           
(unused)                      0     FB10_6  104  I/O           
(unused)                      0     FB10_7       (b)           
(unused)                      0     FB10_8       (b)           
(unused)                      0     FB10_9       (b)           
(unused)                      0     FB10_10      (b)           
(unused)                      0     FB10_11      (b)           
(unused)                      0     FB10_12 103  I/O           
(unused)                      0     FB10_13      (b)           
(unused)                      0     FB10_14 102  I/O           
(unused)                      0     FB10_15      (b)           
(unused)                      0     FB10_16 101  I/O           
*********************************** FB11 ***********************************
This function block is part of I/O Bank number:               2
Number of function block inputs used/remaining:               2/38
Number of function block control terms used/remaining:        0/4
Number of PLA product terms used/remaining:                   4/52
Signal                        Total Loc     Pin  Pin     Pin   CTC CTR CTS CTE
Name                          Pt            No.  Type    Use   
(unused)                      0     FB11_1       (b)           
(unused)                      0     FB11_2       (b)           
(unused)                      0     FB11_3       (b)           
(unused)                      0     FB11_4       (b)           
(unused)                      0     FB11_5  120  I/O           
(unused)                      0     FB11_6  121  I/O           
(unused)                      0     FB11_7       (b)           
(unused)                      0     FB11_8       (b)           
(unused)                      0     FB11_9       (b)           
(unused)                      0     FB11_10      (b)           
(unused)                      0     FB11_11 124  I/O     I     
(unused)                      0     FB11_12 125  I/O           
segment<0>                    1     FB11_13 126  I/O     O                 
segment<1>                    1     FB11_14 128  I/O     O                 
segment<2>                    1     FB11_15 129  I/O     O                 
segment<3>                    1     FB11_16 130  I/O     O                 

Signals Used by Logic in Function Block
  1: XLXN_10<1>         2: kropka           

Signal                     1         2         3         4 FB      
Name             0----+----0----+----0----+----0----+----0 Inputs  
segment<0>        XX...................................... 2       
segment<1>        XX...................................... 2       
segment<2>        XX...................................... 2       
segment<3>        XX...................................... 2       
                 0----+----1----+----2----+----3----+----4
                           0         0         0         0
*********************************** FB12 ***********************************
This function block is part of I/O Bank number:               2
Number of function block inputs used/remaining:               0/40
Number of function block control terms used/remaining:        0/4
Number of PLA product terms used/remaining:                   0/56
Signal                        Total Loc     Pin  Pin     Pin   CTC CTR CTS CTE
Name                          Pt            No.  Type    Use   
(unused)                      0     FB12_1       (b)           
(unused)                      0     FB12_2  100  I/O           
(unused)                      0     FB12_3       (b)           
(unused)                      0     FB12_4       (b)           
(unused)                      0     FB12_5       (b)           
(unused)                      0     FB12_6       (b)           
(unused)                      0     FB12_7       (b)           
(unused)                      0     FB12_8       (b)           
(unused)                      0     FB12_9       (b)           
(unused)                      0     FB12_10      (b)           
(unused)                      0     FB12_11 98   I/O           
(unused)                      0     FB12_12 97   I/O           
(unused)                      0     FB12_13 96   I/O           
(unused)                      0     FB12_14 95   I/O           
(unused)                      0     FB12_15 94   I/O     I     
(unused)                      0     FB12_16      (b)           
*********************************** FB13 ***********************************
This function block is part of I/O Bank number:               1
Number of function block inputs used/remaining:               0/40
Number of function block control terms used/remaining:        0/4
Number of PLA product terms used/remaining:                   0/56
Signal                        Total Loc     Pin  Pin     Pin   CTC CTR CTS CTE
Name                          Pt            No.  Type    Use   
(unused)                      0     FB13_1  75   I/O           
(unused)                      0     FB13_2  76   I/O           
(unused)                      0     FB13_3  77   I/O           
(unused)                      0     FB13_4       (b)           
(unused)                      0     FB13_5  78   I/O           
(unused)                      0     FB13_6  79   I/O           
(unused)                      0     FB13_7       (b)           
(unused)                      0     FB13_8       (b)           
(unused)                      0     FB13_9       (b)           
(unused)                      0     FB13_10      (b)           
(unused)                      0     FB13_11      (b)           
(unused)                      0     FB13_12 80   I/O           
(unused)                      0     FB13_13 81   I/O           
(unused)                      0     FB13_14 82   I/O           
(unused)                      0     FB13_15      (b)           
(unused)                      0     FB13_16      (b)           
*********************************** FB14 ***********************************
This function block is part of I/O Bank number:               1
Number of function block inputs used/remaining:               28/12
Number of function block control terms used/remaining:        1/3
Number of PLA product terms used/remaining:                   18/38
Signal                        Total Loc     Pin  Pin     Pin   CTC CTR CTS CTE
Name                          Pt            No.  Type    Use   
(unused)                      0     FB14_1  74   I/O           
(unused)                      0     FB14_2  71   I/O           
(unused)                      0     FB14_3  70   I/O           
diody<0>                      3     FB14_4  69   I/O     O      +          
(unused)                      0     FB14_5       (b)           
diody<1>                      3     FB14_6  68   I/O     O      +          
(unused)                      0     FB14_7       (b)           
(unused)                      0     FB14_8       (b)           
(unused)                      0     FB14_9       (b)           
(unused)                      0     FB14_10      (b)           
(unused)                      0     FB14_11      (b)           
(unused)                      0     FB14_12      (b)           
diody<2>                      3     FB14_13 66   I/O     O      +          
diody<3>                      3     FB14_14 64   I/O     O      +          
(unused)                      0     FB14_15      (b)           
katody_7seg<6>                12    FB14_16 61   I/O     O                 

Signals Used by Logic in Function Block
  1: N_PZ_266               11: XLXN_10<1>        20: XLXN_18<0> 
  2: XLXI_8/isOver__or0000  12: XLXN_16<0>        21: XLXN_18<1> 
  3: XLXI_8/reset           13: XLXN_16<1>        22: XLXN_18<2> 
  4: XLXI_9/counter<0>      14: XLXN_16<2>        23: XLXN_18<3> 
  5: XLXI_9/counter<1>      15: XLXN_16<3>        24: XLXN_19<0> 
  6: XLXI_9/counter<2>      16: XLXN_17<0>        25: XLXN_19<1> 
  7: XLXI_9/counter<3>      17: XLXN_17<1>        26: XLXN_19<2> 
  8: XLXI_9/counter<4>      18: XLXN_17<2>        27: XLXN_19<3> 
  9: XLXI_9/counter<5>      19: XLXN_17<3>        28: kropka 
 10: XLXI_9/counter<6>     

Signal                     1         2         3         4 FB      
Name             0----+----0----+----0----+----0----+----0 Inputs  
diody<0>          .XXXXXXXXX.............................. 9       
diody<1>          .XXXXXXXXX.............................. 9       
diody<2>          .XXXXXXXXX.............................. 9       
diody<3>          .XXXXXXXXX.............................. 9       
katody_7seg<6>    X.........XXXXXXXXXXXXXXXXXX............ 19      
                 0----+----1----+----2----+----3----+----4
                           0         0         0         0
*********************************** FB15 ***********************************
This function block is part of I/O Bank number:               1
Number of function block inputs used/remaining:               0/40
Number of function block control terms used/remaining:        0/4
Number of PLA product terms used/remaining:                   0/56
Signal                        Total Loc     Pin  Pin     Pin   CTC CTR CTS CTE
Name                          Pt            No.  Type    Use   
(unused)                      0     FB15_1       (b)           
(unused)                      0     FB15_2  83   I/O           
(unused)                      0     FB15_3       (b)           
(unused)                      0     FB15_4       (b)           
(unused)                      0     FB15_5       (b)           
(unused)                      0     FB15_6       (b)           
(unused)                      0     FB15_7       (b)           
(unused)                      0     FB15_8       (b)           
(unused)                      0     FB15_9       (b)           
(unused)                      0     FB15_10      (b)           
(unused)                      0     FB15_11 85   I/O           
(unused)                      0     FB15_12 86   I/O           
(unused)                      0     FB15_13 87   I/O           
(unused)                      0     FB15_14 88   I/O           
(unused)                      0     FB15_15 91   I/O           
(unused)                      0     FB15_16 92   I/O           
*********************************** FB16 ***********************************
This function block is part of I/O Bank number:               1
Number of function block inputs used/remaining:               28/12
Number of function block control terms used/remaining:        1/3
Number of PLA product terms used/remaining:                   47/9
Signal                        Total Loc     Pin  Pin     Pin   CTC CTR CTS CTE
Name                          Pt            No.  Type    Use   
(unused)                      0     FB16_1       (b)           
(unused)                      0     FB16_2       (b)           
(unused)                      0     FB16_3       (b)           
(unused)                      0     FB16_4       (b)           
katody_7seg<2>                1     FB16_5  60   I/O     O                 
kropka                        1     FB16_6  59   I/O     O      +          
(unused)                      0     FB16_7       (b)           
(unused)                      0     FB16_8       (b)           
(unused)                      0     FB16_9       (b)           
(unused)                      0     FB16_10      (b)           
katody_7seg<3>                13    FB16_11 58   I/O     O                 
katody_7seg<4>                8     FB16_12 57   I/O     O                 
katody_7seg<0>                12    FB16_13 56   I/O     O                 
(unused)                      0     FB16_14      (b)           
katody_7seg<5>                13    FB16_15 54   I/O     O                 
katody_7seg<1>                12    FB16_16 53   I/O     O                 

Signals Used by Logic in Function Block
  1: N_PZ_219            11: XLXN_16<0>        20: XLXN_18<1> 
  2: N_PZ_266            12: XLXN_16<1>        21: XLXN_18<2> 
  3: XLXI_1/counter<10>  13: XLXN_16<2>        22: XLXN_18<3> 
  4: XLXI_1/counter<11>  14: XLXN_16<3>        23: XLXN_19<0> 
  5: XLXI_1/counter<12>  15: XLXN_17<0>        24: XLXN_19<1> 
  6: XLXI_1/counter<6>   16: XLXN_17<1>        25: XLXN_19<2> 
  7: XLXI_1/counter<7>   17: XLXN_17<2>        26: XLXN_19<3> 
  8: XLXI_1/counter<8>   18: XLXN_17<3>        27: katody_7seg<2>_BUFR 
  9: XLXI_1/counter<9>   19: XLXN_18<0>        28: kropka 
 10: XLXN_10<1>         

Signal                     1         2         3         4 FB      
Name             0----+----0----+----0----+----0----+----0 Inputs  
katody_7seg<2>    ..........................X............. 1       
kropka            X.XXXXXXX............................... 8       
katody_7seg<3>    .X.......XXXXXXXXXXXXXXXXX.X............ 19      
katody_7seg<4>    .........XXXXXXXXXXXXXXXXX.X............ 18      
katody_7seg<0>    .X.......XXXXXXXXXXXXXXXXX.X............ 19      
katody_7seg<5>    .X.......XXXXXXXXXXXXXXXXX.X............ 19      
katody_7seg<1>    .X.......XXXXXXXXXXXXXXXXX.X............ 19      
                 0----+----1----+----2----+----3----+----4
                           0         0         0         0
*******************************  Equations  ********************************

********** Mapped Logic **********


N_PZ_205 <= (NOT XLXN_19(0) AND NOT XLXN_19(1) AND NOT XLXN_19(2) AND 
	NOT XLXN_19(3));


N_PZ_219 <= (XLXI_1/counter(0) AND XLXI_1/counter(1) AND 
	XLXI_1/counter(2) AND XLXI_1/counter(3) AND XLXI_1/counter(4) AND 
	XLXI_1/counter(5));


N_PZ_266 <= ((NOT XLXN_17(1) AND NOT XLXN_17(2) AND XLXN_17(3) AND NOT kropka AND 
	NOT XLXN_10(1))
	OR (NOT XLXN_16(1) AND NOT XLXN_16(2) AND XLXN_16(3) AND kropka AND 
	NOT XLXN_10(1))
	OR (NOT XLXN_18(1) AND NOT XLXN_18(2) AND XLXN_18(3) AND kropka AND 
	XLXN_10(1))
	OR (NOT XLXN_19(1) AND NOT XLXN_19(2) AND XLXN_19(3) AND NOT kropka AND 
	XLXN_10(1)));


N_PZ_289 <= (NOT przyciski(1) AND NOT przelaczniki(1) AND NOT przelaczniki(0));


N_PZ_294 <= (NOT XLXN_18(2) AND NOT XLXN_18(3) AND N_PZ_205);


N_PZ_301 <= (NOT XLXI_8/explosion AND diody(3) AND XLXI_8/isCounting AND 
	NOT XLXI_8/stop);

FTCPE_XLXI_1/counter0: FTCPE port map (XLXI_1/counter(0),'0',clock,'0','0','1');

FTCPE_XLXI_1/counter1: FTCPE port map (XLXI_1/counter(1),XLXI_1/counter(0),clock,'0','0','1');

FTCPE_XLXI_1/counter2: FTCPE port map (XLXI_1/counter(2),XLXI_1/counter_T(2),clock,'0','0','1');
XLXI_1/counter_T(2) <= (XLXI_1/counter(0) AND XLXI_1/counter(1));

FTCPE_XLXI_1/counter3: FTCPE port map (XLXI_1/counter(3),XLXI_1/counter_T(3),clock,'0','0','1');
XLXI_1/counter_T(3) <= (XLXI_1/counter(0) AND XLXI_1/counter(1) AND 
	XLXI_1/counter(2));

FTCPE_XLXI_1/counter4: FTCPE port map (XLXI_1/counter(4),XLXI_1/counter_T(4),clock,'0','0','1');
XLXI_1/counter_T(4) <= (XLXI_1/counter(0) AND XLXI_1/counter(1) AND 
	XLXI_1/counter(2) AND XLXI_1/counter(3));

FTCPE_XLXI_1/counter5: FTCPE port map (XLXI_1/counter(5),XLXI_1/counter_T(5),clock,'0','0','1');
XLXI_1/counter_T(5) <= (XLXI_1/counter(0) AND XLXI_1/counter(1) AND 
	XLXI_1/counter(2) AND XLXI_1/counter(3) AND XLXI_1/counter(4));

FTCPE_XLXI_1/counter6: FTCPE port map (XLXI_1/counter(6),XLXI_1/counter_T(6),clock,'0','0','1');
XLXI_1/counter_T(6) <= NOT (((NOT N_PZ_219)
	OR (XLXI_1/counter(10) AND NOT XLXI_1/counter(6) AND 
	XLXI_1/counter(11) AND NOT XLXI_1/counter(7) AND XLXI_1/counter(8) AND 
	XLXI_1/counter(9) AND XLXI_1/counter(12))));

FTCPE_XLXI_1/counter7: FTCPE port map (XLXI_1/counter(7),XLXI_1/counter_T(7),clock,'0','0','1');
XLXI_1/counter_T(7) <= (XLXI_1/counter(6) AND N_PZ_219);

FTCPE_XLXI_1/counter8: FTCPE port map (XLXI_1/counter(8),XLXI_1/counter_T(8),clock,'0','0','1');
XLXI_1/counter_T(8) <= ((XLXI_1/counter(6) AND XLXI_1/counter(7) AND N_PZ_219)
	OR (XLXI_1/counter(10) AND NOT XLXI_1/counter(6) AND 
	XLXI_1/counter(11) AND NOT XLXI_1/counter(7) AND N_PZ_219 AND XLXI_1/counter(8) AND 
	XLXI_1/counter(9) AND XLXI_1/counter(12)));

FTCPE_XLXI_1/counter9: FTCPE port map (XLXI_1/counter(9),XLXI_1/counter_T(9),clock,'0','0','1');
XLXI_1/counter_T(9) <= ((XLXI_1/counter(6) AND XLXI_1/counter(7) AND N_PZ_219 AND 
	XLXI_1/counter(8))
	OR (XLXI_1/counter(10) AND NOT XLXI_1/counter(6) AND 
	XLXI_1/counter(11) AND NOT XLXI_1/counter(7) AND N_PZ_219 AND XLXI_1/counter(8) AND 
	XLXI_1/counter(9) AND XLXI_1/counter(12)));

FTCPE_XLXI_1/counter10: FTCPE port map (XLXI_1/counter(10),XLXI_1/counter_T(10),clock,'0','0','1');
XLXI_1/counter_T(10) <= ((XLXI_1/counter(6) AND XLXI_1/counter(7) AND N_PZ_219 AND 
	XLXI_1/counter(8) AND XLXI_1/counter(9))
	OR (XLXI_1/counter(10) AND NOT XLXI_1/counter(6) AND 
	XLXI_1/counter(11) AND NOT XLXI_1/counter(7) AND N_PZ_219 AND XLXI_1/counter(8) AND 
	XLXI_1/counter(9) AND XLXI_1/counter(12)));

FTCPE_XLXI_1/counter11: FTCPE port map (XLXI_1/counter(11),XLXI_1/counter_T(11),clock,'0','0','1');
XLXI_1/counter_T(11) <= ((XLXI_1/counter(10) AND XLXI_1/counter(6) AND 
	XLXI_1/counter(7) AND N_PZ_219 AND XLXI_1/counter(8) AND XLXI_1/counter(9))
	OR (XLXI_1/counter(10) AND NOT XLXI_1/counter(6) AND 
	XLXI_1/counter(11) AND NOT XLXI_1/counter(7) AND N_PZ_219 AND XLXI_1/counter(8) AND 
	XLXI_1/counter(9) AND XLXI_1/counter(12)));

FTCPE_XLXI_1/counter12: FTCPE port map (XLXI_1/counter(12),XLXI_1/counter_T(12),clock,'0','0','1');
XLXI_1/counter_T(12) <= ((XLXI_1/counter(10) AND XLXI_1/counter(6) AND 
	XLXI_1/counter(11) AND XLXI_1/counter(7) AND N_PZ_219 AND XLXI_1/counter(8) AND 
	XLXI_1/counter(9))
	OR (XLXI_1/counter(10) AND NOT XLXI_1/counter(6) AND 
	XLXI_1/counter(11) AND NOT XLXI_1/counter(7) AND N_PZ_219 AND XLXI_1/counter(8) AND 
	XLXI_1/counter(9) AND XLXI_1/counter(12)));

LDCP_XLXI_8/explosion: LDCP port map (XLXI_8/explosion,NOT N_PZ_289,NOT ,'0','0');


XLXI_8/explosion_not00015 <= (przyciski(1) AND NOT przyciski(0));


XLXI_8/explosion_not00017 <= ((NOT przyciski(1) AND NOT przelaczniki(1))
	OR (NOT przyciski(1) AND NOT przelaczniki(0)));

FDCPE_XLXI_8/isCounting: FDCPE port map (XLXI_8/isCounting,XLXI_8/reset,XLXI_8/isCounting_C,'0','0',NOT XLXI_8/isCounting__or0001);
XLXI_8/isCounting_C <= (XLXI_9/counter(0) AND XLXI_9/counter(1) AND 
	NOT XLXI_9/counter(2) AND NOT XLXI_9/counter(3) AND NOT XLXI_9/counter(4) AND 
	XLXI_9/counter(5) AND XLXI_9/counter(6));


XLXI_8/isCounting__or0001 <= ((NOT XLXI_8/reset AND XLXI_8/explosion)
	OR (NOT XLXI_8/reset AND NOT XLXI_8/stop));


XLXI_8/isOver__or0000 <= ((XLXI_8/reset)
	OR (XLXI_8/explosion)
	OR (diody(3) AND NOT XLXN_17(0) AND NOT XLXN_16(0) AND NOT XLXN_18(0) AND 
	NOT XLXN_17(1) AND NOT XLXN_16(1) AND NOT XLXN_16(2) AND XLXI_8/isCounting AND 
	NOT XLXI_8/stop AND NOT XLXN_16(3) AND NOT XLXN_17(2) AND NOT XLXN_17(3) AND 
	NOT XLXN_18(1) AND N_PZ_294));

LDCP_XLXI_8/reset: LDCP port map (XLXI_8/reset,N_PZ_289,NOT ,'0','0');


XLXI_8/reset_not00011 <= (przyciski(1) AND przyciski(0));

LDCP_XLXI_8/stop: LDCP port map (XLXI_8/stop,XLXI_8/stop_D,,'0','0');
XLXI_8/stop_D <= (przelaczniki(1) AND przelaczniki(0));
XLXI_8/stop_G <= (NOT przyciski(1) AND NOT XLXI_8/stop_not00016);


XLXI_8/stop_not00016 <= ((przelaczniki(1) AND NOT przelaczniki(0))
	OR (NOT przelaczniki(1) AND przelaczniki(0)));

FTCPE_XLXI_9/counter0: FTCPE port map (XLXI_9/counter(0),'0',XLXI_9/counter_C(0),'0','0','1');
XLXI_9/counter_C(0) <= (XLXI_1/counter(10) AND NOT XLXI_1/counter(6) AND 
	XLXI_1/counter(11) AND NOT XLXI_1/counter(7) AND N_PZ_219 AND XLXI_1/counter(8) AND 
	XLXI_1/counter(9) AND XLXI_1/counter(12));

FTCPE_XLXI_9/counter1: FTCPE port map (XLXI_9/counter(1),XLXI_9/counter(0),XLXI_9/counter_C(1),'0','0','1');
XLXI_9/counter_C(1) <= (XLXI_1/counter(10) AND NOT XLXI_1/counter(6) AND 
	XLXI_1/counter(11) AND NOT XLXI_1/counter(7) AND N_PZ_219 AND XLXI_1/counter(8) AND 
	XLXI_1/counter(9) AND XLXI_1/counter(12));

FTCPE_XLXI_9/counter2: FTCPE port map (XLXI_9/counter(2),XLXI_9/counter_T(2),XLXI_9/counter_C(2),'0','0','1');
XLXI_9/counter_T(2) <= NOT (((NOT XLXI_9/counter(0))
	OR (NOT XLXI_9/counter(1))
	OR (NOT XLXI_9/counter(2) AND NOT XLXI_9/counter(3) AND 
	NOT XLXI_9/counter(4) AND XLXI_9/counter(5) AND XLXI_9/counter(6))));
XLXI_9/counter_C(2) <= (XLXI_1/counter(10) AND NOT XLXI_1/counter(6) AND 
	XLXI_1/counter(11) AND NOT XLXI_1/counter(7) AND N_PZ_219 AND XLXI_1/counter(8) AND 
	XLXI_1/counter(9) AND XLXI_1/counter(12));

FTCPE_XLXI_9/counter3: FTCPE port map (XLXI_9/counter(3),XLXI_9/counter_T(3),XLXI_9/counter_C(3),'0','0','1');
XLXI_9/counter_T(3) <= (XLXI_9/counter(0) AND XLXI_9/counter(1) AND 
	XLXI_9/counter(2));
XLXI_9/counter_C(3) <= (XLXI_1/counter(10) AND NOT XLXI_1/counter(6) AND 
	XLXI_1/counter(11) AND NOT XLXI_1/counter(7) AND N_PZ_219 AND XLXI_1/counter(8) AND 
	XLXI_1/counter(9) AND XLXI_1/counter(12));

FTCPE_XLXI_9/counter4: FTCPE port map (XLXI_9/counter(4),XLXI_9/counter_T(4),XLXI_9/counter_C(4),'0','0','1');
XLXI_9/counter_T(4) <= (XLXI_9/counter(0) AND XLXI_9/counter(1) AND 
	XLXI_9/counter(2) AND XLXI_9/counter(3));
XLXI_9/counter_C(4) <= (XLXI_1/counter(10) AND NOT XLXI_1/counter(6) AND 
	XLXI_1/counter(11) AND NOT XLXI_1/counter(7) AND N_PZ_219 AND XLXI_1/counter(8) AND 
	XLXI_1/counter(9) AND XLXI_1/counter(12));

FTCPE_XLXI_9/counter5: FTCPE port map (XLXI_9/counter(5),XLXI_9/counter_T(5),XLXI_9/counter_C(5),'0','0','1');
XLXI_9/counter_T(5) <= ((XLXI_9/counter(0) AND XLXI_9/counter(1) AND 
	XLXI_9/counter(2) AND XLXI_9/counter(3) AND XLXI_9/counter(4))
	OR (XLXI_9/counter(0) AND XLXI_9/counter(1) AND 
	NOT XLXI_9/counter(2) AND NOT XLXI_9/counter(3) AND NOT XLXI_9/counter(4) AND 
	XLXI_9/counter(5) AND XLXI_9/counter(6)));
XLXI_9/counter_C(5) <= (XLXI_1/counter(10) AND NOT XLXI_1/counter(6) AND 
	XLXI_1/counter(11) AND NOT XLXI_1/counter(7) AND N_PZ_219 AND XLXI_1/counter(8) AND 
	XLXI_1/counter(9) AND XLXI_1/counter(12));

FTCPE_XLXI_9/counter6: FTCPE port map (XLXI_9/counter(6),XLXI_9/counter_T(6),XLXI_9/counter_C(6),'0','0','1');
XLXI_9/counter_T(6) <= ((XLXI_9/counter(0) AND XLXI_9/counter(1) AND 
	XLXI_9/counter(2) AND XLXI_9/counter(3) AND XLXI_9/counter(4) AND 
	XLXI_9/counter(5))
	OR (XLXI_9/counter(0) AND XLXI_9/counter(1) AND 
	NOT XLXI_9/counter(2) AND NOT XLXI_9/counter(3) AND NOT XLXI_9/counter(4) AND 
	XLXI_9/counter(5) AND XLXI_9/counter(6)));
XLXI_9/counter_C(6) <= (XLXI_1/counter(10) AND NOT XLXI_1/counter(6) AND 
	XLXI_1/counter(11) AND NOT XLXI_1/counter(7) AND N_PZ_219 AND XLXI_1/counter(8) AND 
	XLXI_1/counter(9) AND XLXI_1/counter(12));

FTCPE_XLXN_101: FTCPE port map (XLXN_10(1),NOT kropka,XLXN_10_C(1),'0','0','1');
XLXN_10_C(1) <= (XLXI_1/counter(10) AND NOT XLXI_1/counter(6) AND 
	XLXI_1/counter(11) AND NOT XLXI_1/counter(7) AND N_PZ_219 AND XLXI_1/counter(8) AND 
	XLXI_1/counter(9) AND XLXI_1/counter(12));

FTCPE_XLXN_160: FTCPE port map (XLXN_16(0),XLXN_16_T(0),XLXN_16_C(0),'0','0','1');
XLXN_16_T(0) <= NOT (((XLXI_8/reset AND NOT XLXN_16(0))
	OR (NOT XLXI_8/reset AND NOT N_PZ_301)
	OR (NOT XLXN_17(0) AND NOT XLXN_16(0) AND NOT XLXN_18(0) AND 
	NOT XLXN_17(1) AND NOT XLXN_16(1) AND NOT XLXN_16(2) AND NOT XLXN_16(3) AND 
	NOT XLXN_17(2) AND NOT XLXN_17(3) AND NOT XLXN_18(1) AND N_PZ_294)));
XLXN_16_C(0) <= (XLXI_9/counter(0) AND XLXI_9/counter(1) AND 
	NOT XLXI_9/counter(2) AND NOT XLXI_9/counter(3) AND NOT XLXI_9/counter(4) AND 
	XLXI_9/counter(5) AND XLXI_9/counter(6));

FDCPE_XLXN_161: FDCPE port map (XLXN_16(1),XLXN_16_D(1),XLXN_16_C(1),'0','0','1');
XLXN_16_D(1) <= ((NOT XLXI_8/reset AND XLXN_16(0) AND XLXN_16(1))
	OR (NOT XLXI_8/reset AND XLXN_16(1) AND NOT N_PZ_301)
	OR (NOT XLXI_8/reset AND NOT XLXN_16(0) AND NOT XLXN_16(1) AND 
	XLXN_16(2) AND N_PZ_301)
	OR (NOT XLXI_8/reset AND NOT XLXN_16(0) AND NOT XLXN_16(1) AND 
	N_PZ_301 AND XLXN_16(3)));
XLXN_16_C(1) <= (XLXI_9/counter(0) AND XLXI_9/counter(1) AND 
	NOT XLXI_9/counter(2) AND NOT XLXI_9/counter(3) AND NOT XLXI_9/counter(4) AND 
	XLXI_9/counter(5) AND XLXI_9/counter(6));

FTCPE_XLXN_162: FTCPE port map (XLXN_16(2),XLXN_16_T(2),XLXN_16_C(2),'0','0','1');
XLXN_16_T(2) <= ((XLXI_8/reset AND NOT XLXN_16(2))
	OR (NOT XLXI_8/reset AND NOT XLXN_16(0) AND NOT XLXN_16(1) AND 
	XLXN_16(2) AND N_PZ_301)
	OR (NOT XLXI_8/reset AND NOT XLXN_16(0) AND NOT XLXN_16(1) AND 
	N_PZ_301 AND XLXN_16(3)));
XLXN_16_C(2) <= (XLXI_9/counter(0) AND XLXI_9/counter(1) AND 
	NOT XLXI_9/counter(2) AND NOT XLXI_9/counter(3) AND NOT XLXI_9/counter(4) AND 
	XLXI_9/counter(5) AND XLXI_9/counter(6));

FTCPE_XLXN_163: FTCPE port map (XLXN_16(3),XLXN_16_T(3),XLXN_16_C(3),'0','0','1');
XLXN_16_T(3) <= NOT (((XLXI_8/reset AND NOT XLXN_16(3))
	OR (NOT XLXI_8/reset AND XLXN_16(0))
	OR (NOT XLXI_8/reset AND XLXN_16(1))
	OR (NOT XLXI_8/reset AND XLXN_16(2))
	OR (NOT XLXI_8/reset AND NOT N_PZ_301)
	OR (NOT XLXN_17(0) AND NOT XLXN_18(0) AND NOT XLXN_17(1) AND 
	NOT XLXN_16(3) AND NOT XLXN_17(2) AND NOT XLXN_17(3) AND NOT XLXN_18(1) AND N_PZ_294)));
XLXN_16_C(3) <= (XLXI_9/counter(0) AND XLXI_9/counter(1) AND 
	NOT XLXI_9/counter(2) AND NOT XLXI_9/counter(3) AND NOT XLXI_9/counter(4) AND 
	XLXI_9/counter(5) AND XLXI_9/counter(6));

FTCPE_XLXN_170: FTCPE port map (XLXN_17(0),XLXN_17_T(0),XLXN_17_C(0),'0','0','1');
XLXN_17_T(0) <= NOT (((XLXI_8/reset AND NOT XLXN_17(0))
	OR (NOT XLXI_8/reset AND XLXN_16(0))
	OR (NOT XLXI_8/reset AND XLXN_16(1))
	OR (NOT XLXI_8/reset AND XLXN_16(2))
	OR (NOT XLXI_8/reset AND NOT N_PZ_301)
	OR (NOT XLXI_8/reset AND XLXN_16(3))
	OR (NOT XLXN_17(0) AND NOT XLXN_18(0) AND NOT XLXN_17(1) AND 
	NOT XLXN_17(2) AND NOT XLXN_17(3) AND NOT XLXN_18(1) AND N_PZ_294)));
XLXN_17_C(0) <= (XLXI_9/counter(0) AND XLXI_9/counter(1) AND 
	NOT XLXI_9/counter(2) AND NOT XLXI_9/counter(3) AND NOT XLXI_9/counter(4) AND 
	XLXI_9/counter(5) AND XLXI_9/counter(6));

FTCPE_XLXN_171: FTCPE port map (XLXN_17(1),XLXN_17_T(1),XLXN_17_C(1),'0','0','1');
XLXN_17_T(1) <= ((XLXI_8/reset AND NOT XLXN_17(1))
	OR (NOT XLXI_8/reset AND NOT XLXN_17(0) AND NOT XLXN_16(0) AND 
	XLXN_17(1) AND NOT XLXN_16(1) AND NOT XLXN_16(2) AND N_PZ_301 AND NOT XLXN_16(3))
	OR (NOT XLXI_8/reset AND NOT XLXN_17(0) AND NOT XLXN_16(0) AND 
	NOT XLXN_16(1) AND NOT XLXN_16(2) AND N_PZ_301 AND NOT XLXN_16(3) AND XLXN_17(2))
	OR (NOT XLXI_8/reset AND NOT XLXN_17(0) AND NOT XLXN_16(0) AND 
	NOT XLXN_16(1) AND NOT XLXN_16(2) AND N_PZ_301 AND NOT XLXN_16(3) AND XLXN_17(3)));
XLXN_17_C(1) <= (XLXI_9/counter(0) AND XLXI_9/counter(1) AND 
	NOT XLXI_9/counter(2) AND NOT XLXI_9/counter(3) AND NOT XLXI_9/counter(4) AND 
	XLXI_9/counter(5) AND XLXI_9/counter(6));

FTCPE_XLXN_172: FTCPE port map (XLXN_17(2),XLXN_17_T(2),XLXN_17_C(2),'0','0','1');
XLXN_17_T(2) <= ((XLXI_8/reset AND XLXN_17(2))
	OR (NOT XLXN_17(0) AND NOT XLXN_16(0) AND NOT XLXN_17(1) AND 
	NOT XLXN_16(1) AND NOT XLXN_16(2) AND N_PZ_301 AND NOT XLXN_16(3) AND XLXN_17(2))
	OR (NOT XLXI_8/reset AND NOT XLXN_17(0) AND NOT XLXN_16(0) AND 
	NOT XLXN_17(1) AND NOT XLXN_16(1) AND NOT XLXN_16(2) AND N_PZ_301 AND NOT XLXN_16(3) AND 
	XLXN_17(3)));
XLXN_17_C(2) <= (XLXI_9/counter(0) AND XLXI_9/counter(1) AND 
	NOT XLXI_9/counter(2) AND NOT XLXI_9/counter(3) AND NOT XLXI_9/counter(4) AND 
	XLXI_9/counter(5) AND XLXI_9/counter(6));

FTCPE_XLXN_173: FTCPE port map (XLXN_17(3),XLXN_17_T(3),XLXN_17_C(3),'0','0','1');
XLXN_17_T(3) <= ((XLXI_8/reset AND XLXN_17(3))
	OR (NOT XLXN_17(0) AND NOT XLXN_16(0) AND NOT XLXN_17(1) AND 
	NOT XLXN_16(1) AND NOT XLXN_16(2) AND N_PZ_301 AND NOT XLXN_16(3) AND NOT XLXN_17(2) AND 
	XLXN_17(3))
	OR (NOT XLXI_8/reset AND NOT XLXN_17(0) AND NOT XLXN_16(0) AND 
	XLXN_18(0) AND NOT XLXN_17(1) AND NOT XLXN_16(1) AND NOT XLXN_16(2) AND N_PZ_301 AND 
	NOT XLXN_16(3) AND NOT XLXN_17(2))
	OR (NOT XLXI_8/reset AND NOT XLXN_17(0) AND NOT XLXN_16(0) AND 
	NOT XLXN_17(1) AND NOT XLXN_16(1) AND NOT XLXN_16(2) AND N_PZ_301 AND NOT XLXN_16(3) AND 
	NOT XLXN_17(2) AND XLXN_18(1))
	OR (NOT XLXI_8/reset AND NOT XLXN_17(0) AND NOT XLXN_16(0) AND 
	NOT XLXN_17(1) AND NOT XLXN_16(1) AND NOT XLXN_16(2) AND N_PZ_301 AND NOT XLXN_16(3) AND 
	NOT XLXN_17(2) AND NOT N_PZ_294));
XLXN_17_C(3) <= (XLXI_9/counter(0) AND XLXI_9/counter(1) AND 
	NOT XLXI_9/counter(2) AND NOT XLXI_9/counter(3) AND NOT XLXI_9/counter(4) AND 
	XLXI_9/counter(5) AND XLXI_9/counter(6));

FTCPE_XLXN_180: FTCPE port map (XLXN_18(0),XLXN_18_T(0),XLXN_18_C(0),'0','0','1');
XLXN_18_T(0) <= ((XLXI_8/reset AND XLXN_18(0))
	OR (NOT XLXN_17(0) AND NOT XLXN_16(0) AND XLXN_18(0) AND 
	NOT XLXN_17(1) AND NOT XLXN_16(1) AND NOT XLXN_16(2) AND N_PZ_301 AND NOT XLXN_16(3) AND 
	NOT XLXN_17(2) AND NOT XLXN_17(3))
	OR (NOT XLXI_8/reset AND NOT XLXN_17(0) AND NOT XLXN_16(0) AND 
	NOT XLXN_17(1) AND NOT XLXN_16(1) AND NOT XLXN_16(2) AND N_PZ_301 AND NOT XLXN_16(3) AND 
	NOT XLXN_17(2) AND NOT XLXN_17(3) AND XLXN_18(1))
	OR (NOT XLXI_8/reset AND NOT XLXN_17(0) AND NOT XLXN_16(0) AND 
	NOT XLXN_17(1) AND NOT XLXN_16(1) AND NOT XLXN_16(2) AND N_PZ_301 AND NOT XLXN_16(3) AND 
	NOT XLXN_17(2) AND NOT XLXN_17(3) AND NOT N_PZ_294));
XLXN_18_C(0) <= (XLXI_9/counter(0) AND XLXI_9/counter(1) AND 
	NOT XLXI_9/counter(2) AND NOT XLXI_9/counter(3) AND NOT XLXI_9/counter(4) AND 
	XLXI_9/counter(5) AND XLXI_9/counter(6));

FTCPE_XLXN_181: FTCPE port map (XLXN_18(1),XLXN_18_T(1),XLXN_18_C(1),'0','0','1');
XLXN_18_T(1) <= ((XLXI_8/reset AND XLXN_18(1))
	OR (NOT XLXN_17(0) AND NOT XLXN_16(0) AND NOT XLXN_18(0) AND 
	NOT XLXN_17(1) AND NOT XLXN_16(1) AND NOT XLXN_16(2) AND N_PZ_301 AND NOT XLXN_16(3) AND 
	NOT XLXN_17(2) AND NOT XLXN_17(3) AND XLXN_18(1))
	OR (NOT XLXI_8/reset AND NOT XLXN_17(0) AND NOT XLXN_16(0) AND 
	NOT XLXN_18(0) AND NOT XLXN_17(1) AND NOT XLXN_16(1) AND NOT XLXN_16(2) AND N_PZ_301 AND 
	NOT XLXN_16(3) AND NOT XLXN_17(2) AND NOT XLXN_17(3) AND XLXN_18(2))
	OR (NOT XLXI_8/reset AND NOT XLXN_17(0) AND NOT XLXN_16(0) AND 
	NOT XLXN_18(0) AND NOT XLXN_17(1) AND NOT XLXN_16(1) AND NOT XLXN_16(2) AND N_PZ_301 AND 
	NOT XLXN_16(3) AND NOT XLXN_17(2) AND NOT XLXN_17(3) AND XLXN_18(3)));
XLXN_18_C(1) <= (XLXI_9/counter(0) AND XLXI_9/counter(1) AND 
	NOT XLXI_9/counter(2) AND NOT XLXI_9/counter(3) AND NOT XLXI_9/counter(4) AND 
	XLXI_9/counter(5) AND XLXI_9/counter(6));

FTCPE_XLXN_182: FTCPE port map (XLXN_18(2),XLXN_18_T(2),XLXN_18_C(2),'0','0','1');
XLXN_18_T(2) <= ((XLXI_8/reset AND NOT XLXN_18(2))
	OR (NOT XLXI_8/reset AND NOT XLXN_17(0) AND NOT XLXN_16(0) AND 
	NOT XLXN_18(0) AND NOT XLXN_17(1) AND NOT XLXN_16(1) AND NOT XLXN_16(2) AND N_PZ_301 AND 
	NOT XLXN_16(3) AND NOT XLXN_17(2) AND NOT XLXN_17(3) AND NOT XLXN_18(1) AND NOT N_PZ_294));
XLXN_18_C(2) <= (XLXI_9/counter(0) AND XLXI_9/counter(1) AND 
	NOT XLXI_9/counter(2) AND NOT XLXI_9/counter(3) AND NOT XLXI_9/counter(4) AND 
	XLXI_9/counter(5) AND XLXI_9/counter(6));

FTCPE_XLXN_183: FTCPE port map (XLXN_18(3),XLXN_18_T(3),XLXN_18_C(3),'0','0','1');
XLXN_18_T(3) <= ((XLXI_8/reset AND XLXN_18(3))
	OR (NOT XLXN_17(0) AND NOT XLXN_16(0) AND NOT XLXN_18(0) AND 
	NOT XLXN_17(1) AND NOT XLXN_16(1) AND NOT XLXN_16(2) AND N_PZ_301 AND NOT XLXN_16(3) AND 
	NOT XLXN_17(2) AND NOT XLXN_17(3) AND NOT XLXN_18(1) AND NOT XLXN_18(2) AND 
	XLXN_18(3)));
XLXN_18_C(3) <= (XLXI_9/counter(0) AND XLXI_9/counter(1) AND 
	NOT XLXI_9/counter(2) AND NOT XLXI_9/counter(3) AND NOT XLXI_9/counter(4) AND 
	XLXI_9/counter(5) AND XLXI_9/counter(6));

FTCPE_XLXN_190: FTCPE port map (XLXN_19(0),XLXN_19_T(0),XLXN_19_C(0),'0','0','1');
XLXN_19_T(0) <= ((XLXI_8/reset AND NOT XLXN_19(0))
	OR (NOT XLXI_8/reset AND NOT XLXN_17(0) AND NOT XLXN_16(0) AND 
	NOT XLXN_18(0) AND NOT XLXN_17(1) AND NOT XLXN_16(1) AND NOT XLXN_16(2) AND N_PZ_301 AND 
	NOT XLXN_16(3) AND NOT XLXN_17(2) AND NOT XLXN_17(3) AND NOT XLXN_18(1) AND 
	NOT XLXN_18(2) AND NOT XLXN_18(3) AND NOT N_PZ_205));
XLXN_19_C(0) <= (XLXI_9/counter(0) AND XLXI_9/counter(1) AND 
	NOT XLXI_9/counter(2) AND NOT XLXI_9/counter(3) AND NOT XLXI_9/counter(4) AND 
	XLXI_9/counter(5) AND XLXI_9/counter(6));

FTCPE_XLXN_191: FTCPE port map (XLXN_19(1),XLXN_19_T(1),XLXN_19_C(1),'0','0','1');
XLXN_19_T(1) <= ((XLXI_8/reset AND XLXN_19(1))
	OR (NOT XLXI_8/reset AND NOT XLXN_17(0) AND NOT XLXN_16(0) AND 
	NOT XLXN_18(0) AND NOT XLXN_17(1) AND NOT XLXN_16(1) AND NOT XLXN_16(2) AND N_PZ_301 AND 
	NOT XLXN_16(3) AND NOT XLXN_17(2) AND NOT XLXN_17(3) AND NOT XLXN_18(1) AND 
	NOT XLXN_18(2) AND NOT XLXN_18(3) AND NOT N_PZ_205 AND NOT XLXN_19(0)));
XLXN_19_C(1) <= (XLXI_9/counter(0) AND XLXI_9/counter(1) AND 
	NOT XLXI_9/counter(2) AND NOT XLXI_9/counter(3) AND NOT XLXI_9/counter(4) AND 
	XLXI_9/counter(5) AND XLXI_9/counter(6));

FTCPE_XLXN_192: FTCPE port map (XLXN_19(2),XLXN_19_T(2),XLXN_19_C(2),'0','0','1');
XLXN_19_T(2) <= ((XLXI_8/reset AND XLXN_19(2))
	OR (NOT XLXI_8/reset AND NOT XLXN_17(0) AND NOT XLXN_16(0) AND 
	NOT XLXN_18(0) AND NOT XLXN_17(1) AND NOT XLXN_16(1) AND NOT XLXN_16(2) AND N_PZ_301 AND 
	NOT XLXN_16(3) AND NOT XLXN_17(2) AND NOT XLXN_17(3) AND NOT XLXN_18(1) AND 
	NOT XLXN_18(2) AND NOT XLXN_18(3) AND NOT N_PZ_205 AND NOT XLXN_19(0) AND NOT XLXN_19(1)));
XLXN_19_C(2) <= (XLXI_9/counter(0) AND XLXI_9/counter(1) AND 
	NOT XLXI_9/counter(2) AND NOT XLXI_9/counter(3) AND NOT XLXI_9/counter(4) AND 
	XLXI_9/counter(5) AND XLXI_9/counter(6));

FTCPE_XLXN_193: FTCPE port map (XLXN_19(3),XLXN_19_T(3),XLXN_19_C(3),'0','0','1');
XLXN_19_T(3) <= ((XLXI_8/reset AND XLXN_19(3))
	OR (NOT XLXN_17(0) AND NOT XLXN_16(0) AND NOT XLXN_18(0) AND 
	NOT XLXN_17(1) AND NOT XLXN_16(1) AND NOT XLXN_16(2) AND N_PZ_301 AND NOT XLXN_16(3) AND 
	NOT XLXN_17(2) AND NOT XLXN_17(3) AND NOT XLXN_18(1) AND NOT XLXN_18(2) AND 
	NOT XLXN_18(3) AND NOT XLXN_19(0) AND NOT XLXN_19(1) AND NOT XLXN_19(2) AND 
	XLXN_19(3)));
XLXN_19_C(3) <= (XLXI_9/counter(0) AND XLXI_9/counter(1) AND 
	NOT XLXI_9/counter(2) AND NOT XLXI_9/counter(3) AND NOT XLXI_9/counter(4) AND 
	XLXI_9/counter(5) AND XLXI_9/counter(6));

FDCPE_diody0: FDCPE port map (diody(0),XLXI_8/reset,diody_C(0),'0','0',XLXI_8/isOver__or0000);
diody_C(0) <= (XLXI_9/counter(0) AND XLXI_9/counter(1) AND 
	NOT XLXI_9/counter(2) AND NOT XLXI_9/counter(3) AND NOT XLXI_9/counter(4) AND 
	XLXI_9/counter(5) AND XLXI_9/counter(6));

FDCPE_diody1: FDCPE port map (diody(1),XLXI_8/reset,diody_C(1),'0','0',XLXI_8/isOver__or0000);
diody_C(1) <= (XLXI_9/counter(0) AND XLXI_9/counter(1) AND 
	NOT XLXI_9/counter(2) AND NOT XLXI_9/counter(3) AND NOT XLXI_9/counter(4) AND 
	XLXI_9/counter(5) AND XLXI_9/counter(6));

FDCPE_diody2: FDCPE port map (diody(2),XLXI_8/reset,diody_C(2),'0','0',XLXI_8/isOver__or0000);
diody_C(2) <= (XLXI_9/counter(0) AND XLXI_9/counter(1) AND 
	NOT XLXI_9/counter(2) AND NOT XLXI_9/counter(3) AND NOT XLXI_9/counter(4) AND 
	XLXI_9/counter(5) AND XLXI_9/counter(6));

FDCPE_diody3: FDCPE port map (diody(3),XLXI_8/reset,diody_C(3),'0','0',XLXI_8/isOver__or0000);
diody_C(3) <= (XLXI_9/counter(0) AND XLXI_9/counter(1) AND 
	NOT XLXI_9/counter(2) AND NOT XLXI_9/counter(3) AND NOT XLXI_9/counter(4) AND 
	XLXI_9/counter(5) AND XLXI_9/counter(6));


katody_7seg(0) <= ((XLXN_16(3) AND kropka AND NOT XLXN_10(1) AND NOT N_PZ_266)
	OR (XLXN_17(3) AND NOT kropka AND NOT XLXN_10(1) AND NOT N_PZ_266)
	OR (XLXN_18(3) AND kropka AND XLXN_10(1) AND NOT N_PZ_266)
	OR (XLXN_19(3) AND NOT kropka AND XLXN_10(1) AND NOT N_PZ_266)
	OR (XLXN_17(0) AND NOT XLXN_17(1) AND NOT XLXN_17(2) AND NOT kropka AND 
	NOT XLXN_10(1) AND NOT N_PZ_266)
	OR (NOT XLXN_17(0) AND NOT XLXN_17(1) AND XLXN_17(2) AND NOT kropka AND 
	NOT XLXN_10(1) AND NOT N_PZ_266)
	OR (XLXN_16(0) AND NOT XLXN_16(1) AND NOT XLXN_16(2) AND kropka AND 
	NOT XLXN_10(1) AND NOT N_PZ_266)
	OR (NOT XLXN_16(0) AND NOT XLXN_16(1) AND XLXN_16(2) AND kropka AND 
	NOT XLXN_10(1) AND NOT N_PZ_266)
	OR (XLXN_18(0) AND NOT XLXN_18(1) AND NOT XLXN_18(2) AND kropka AND 
	XLXN_10(1) AND NOT N_PZ_266)
	OR (NOT XLXN_18(0) AND NOT XLXN_18(1) AND XLXN_18(2) AND kropka AND 
	XLXN_10(1) AND NOT N_PZ_266)
	OR (XLXN_19(0) AND NOT XLXN_19(1) AND NOT XLXN_19(2) AND NOT kropka AND 
	XLXN_10(1) AND NOT N_PZ_266)
	OR (NOT XLXN_19(0) AND NOT XLXN_19(1) AND XLXN_19(2) AND NOT kropka AND 
	XLXN_10(1) AND NOT N_PZ_266));


katody_7seg(1) <= ((XLXN_16(3) AND kropka AND NOT XLXN_10(1) AND NOT N_PZ_266)
	OR (XLXN_17(3) AND NOT kropka AND NOT XLXN_10(1) AND NOT N_PZ_266)
	OR (XLXN_18(3) AND kropka AND XLXN_10(1) AND NOT N_PZ_266)
	OR (XLXN_19(3) AND NOT kropka AND XLXN_10(1) AND NOT N_PZ_266)
	OR (XLXN_17(0) AND NOT XLXN_17(1) AND XLXN_17(2) AND NOT kropka AND 
	NOT XLXN_10(1) AND NOT N_PZ_266)
	OR (NOT XLXN_17(0) AND XLXN_17(1) AND XLXN_17(2) AND NOT kropka AND 
	NOT XLXN_10(1) AND NOT N_PZ_266)
	OR (XLXN_16(0) AND NOT XLXN_16(1) AND XLXN_16(2) AND kropka AND 
	NOT XLXN_10(1) AND NOT N_PZ_266)
	OR (NOT XLXN_16(0) AND XLXN_16(1) AND XLXN_16(2) AND kropka AND 
	NOT XLXN_10(1) AND NOT N_PZ_266)
	OR (XLXN_18(0) AND NOT XLXN_18(1) AND XLXN_18(2) AND kropka AND 
	XLXN_10(1) AND NOT N_PZ_266)
	OR (NOT XLXN_18(0) AND XLXN_18(1) AND XLXN_18(2) AND kropka AND 
	XLXN_10(1) AND NOT N_PZ_266)
	OR (XLXN_19(0) AND NOT XLXN_19(1) AND XLXN_19(2) AND NOT kropka AND 
	XLXN_10(1) AND NOT N_PZ_266)
	OR (NOT XLXN_19(0) AND XLXN_19(1) AND XLXN_19(2) AND NOT kropka AND 
	XLXN_10(1) AND NOT N_PZ_266));


katody_7seg(2)_BUFR <= NOT (((XLXN_17(0) AND NOT XLXN_17(3) AND NOT kropka AND NOT XLXN_10(1))
	OR (XLXN_16(0) AND NOT XLXN_16(3) AND kropka AND NOT XLXN_10(1))
	OR (XLXN_18(0) AND NOT XLXN_18(3) AND kropka AND XLXN_10(1))
	OR (NOT XLXN_17(1) AND NOT XLXN_17(2) AND NOT kropka AND NOT XLXN_10(1))
	OR (NOT XLXN_16(1) AND NOT XLXN_16(2) AND kropka AND NOT XLXN_10(1))
	OR (XLXN_16(2) AND NOT XLXN_16(3) AND kropka AND NOT XLXN_10(1))
	OR (XLXN_17(2) AND NOT XLXN_17(3) AND NOT kropka AND NOT XLXN_10(1))
	OR (NOT XLXN_18(1) AND NOT XLXN_18(2) AND kropka AND XLXN_10(1))
	OR (XLXN_18(2) AND NOT XLXN_18(3) AND kropka AND XLXN_10(1))
	OR (XLXN_19(0) AND NOT XLXN_19(3) AND NOT kropka AND XLXN_10(1))
	OR (NOT XLXN_19(1) AND NOT XLXN_19(2) AND NOT kropka AND XLXN_10(1))
	OR (XLXN_19(2) AND NOT XLXN_19(3) AND NOT kropka AND XLXN_10(1))));


katody_7seg(2) <= katody_7seg(2)_BUFR;


katody_7seg(3) <= NOT (((N_PZ_266)
	OR (NOT XLXN_17(0) AND XLXN_17(1) AND NOT XLXN_17(3) AND NOT kropka AND 
	NOT XLXN_10(1))
	OR (NOT XLXN_16(0) AND XLXN_16(1) AND NOT XLXN_16(3) AND kropka AND 
	NOT XLXN_10(1))
	OR (NOT XLXN_18(0) AND XLXN_18(1) AND NOT XLXN_18(3) AND kropka AND 
	XLXN_10(1))
	OR (XLXN_17(1) AND NOT XLXN_17(2) AND NOT XLXN_17(3) AND NOT kropka AND 
	NOT XLXN_10(1))
	OR (XLXN_16(1) AND NOT XLXN_16(2) AND NOT XLXN_16(3) AND kropka AND 
	NOT XLXN_10(1))
	OR (XLXN_18(1) AND NOT XLXN_18(2) AND NOT XLXN_18(3) AND kropka AND 
	XLXN_10(1))
	OR (NOT XLXN_19(0) AND XLXN_19(1) AND NOT XLXN_19(3) AND NOT kropka AND 
	XLXN_10(1))
	OR (XLXN_19(1) AND NOT XLXN_19(2) AND NOT XLXN_19(3) AND NOT kropka AND 
	XLXN_10(1))
	OR (XLXN_17(0) AND NOT XLXN_17(1) AND XLXN_17(2) AND 
	NOT XLXN_17(3) AND NOT kropka AND NOT XLXN_10(1))
	OR (XLXN_16(0) AND NOT XLXN_16(1) AND XLXN_16(2) AND 
	NOT XLXN_16(3) AND kropka AND NOT XLXN_10(1))
	OR (XLXN_18(0) AND NOT XLXN_18(1) AND XLXN_18(2) AND 
	NOT XLXN_18(3) AND kropka AND XLXN_10(1))
	OR (XLXN_19(0) AND NOT XLXN_19(1) AND XLXN_19(2) AND 
	NOT XLXN_19(3) AND NOT kropka AND XLXN_10(1))));


katody_7seg(4) <= NOT (((NOT XLXN_17(0) AND XLXN_17(1) AND NOT XLXN_17(3) AND NOT kropka AND 
	NOT XLXN_10(1))
	OR (NOT XLXN_17(0) AND NOT XLXN_17(1) AND NOT XLXN_17(2) AND NOT kropka AND 
	NOT XLXN_10(1))
	OR (NOT XLXN_16(0) AND XLXN_16(1) AND NOT XLXN_16(3) AND kropka AND 
	NOT XLXN_10(1))
	OR (NOT XLXN_16(0) AND NOT XLXN_16(1) AND NOT XLXN_16(2) AND kropka AND 
	NOT XLXN_10(1))
	OR (NOT XLXN_18(0) AND XLXN_18(1) AND NOT XLXN_18(3) AND kropka AND 
	XLXN_10(1))
	OR (NOT XLXN_18(0) AND NOT XLXN_18(1) AND NOT XLXN_18(2) AND kropka AND 
	XLXN_10(1))
	OR (NOT XLXN_19(0) AND XLXN_19(1) AND NOT XLXN_19(3) AND NOT kropka AND 
	XLXN_10(1))
	OR (NOT XLXN_19(0) AND NOT XLXN_19(1) AND NOT XLXN_19(2) AND NOT kropka AND 
	XLXN_10(1))));


katody_7seg(5) <= NOT (((N_PZ_266)
	OR (NOT XLXN_17(0) AND NOT XLXN_17(1) AND NOT XLXN_17(2) AND NOT kropka AND 
	NOT XLXN_10(1))
	OR (NOT XLXN_17(0) AND XLXN_17(2) AND NOT XLXN_17(3) AND NOT kropka AND 
	NOT XLXN_10(1))
	OR (NOT XLXN_16(0) AND NOT XLXN_16(1) AND NOT XLXN_16(2) AND kropka AND 
	NOT XLXN_10(1))
	OR (NOT XLXN_16(0) AND XLXN_16(2) AND NOT XLXN_16(3) AND kropka AND 
	NOT XLXN_10(1))
	OR (NOT XLXN_18(0) AND NOT XLXN_18(1) AND NOT XLXN_18(2) AND kropka AND 
	XLXN_10(1))
	OR (NOT XLXN_18(0) AND XLXN_18(2) AND NOT XLXN_18(3) AND kropka AND 
	XLXN_10(1))
	OR (NOT XLXN_17(1) AND XLXN_17(2) AND NOT XLXN_17(3) AND NOT kropka AND 
	NOT XLXN_10(1))
	OR (NOT XLXN_16(1) AND XLXN_16(2) AND NOT XLXN_16(3) AND kropka AND 
	NOT XLXN_10(1))
	OR (NOT XLXN_18(1) AND XLXN_18(2) AND NOT XLXN_18(3) AND kropka AND 
	XLXN_10(1))
	OR (NOT XLXN_19(0) AND NOT XLXN_19(1) AND NOT XLXN_19(2) AND NOT kropka AND 
	XLXN_10(1))
	OR (NOT XLXN_19(0) AND XLXN_19(2) AND NOT XLXN_19(3) AND NOT kropka AND 
	XLXN_10(1))
	OR (NOT XLXN_19(1) AND XLXN_19(2) AND NOT XLXN_19(3) AND NOT kropka AND 
	XLXN_10(1))));


katody_7seg(6) <= ((XLXN_16(3) AND kropka AND NOT XLXN_10(1) AND NOT N_PZ_266)
	OR (XLXN_17(3) AND NOT kropka AND NOT XLXN_10(1) AND NOT N_PZ_266)
	OR (XLXN_18(3) AND kropka AND XLXN_10(1) AND NOT N_PZ_266)
	OR (XLXN_19(3) AND NOT kropka AND XLXN_10(1) AND NOT N_PZ_266)
	OR (XLXN_17(0) AND XLXN_17(1) AND XLXN_17(2) AND NOT kropka AND 
	NOT XLXN_10(1) AND NOT N_PZ_266)
	OR (XLXN_17(0) AND NOT XLXN_17(1) AND NOT XLXN_17(2) AND NOT kropka AND 
	NOT XLXN_10(1) AND NOT N_PZ_266)
	OR (XLXN_16(0) AND XLXN_16(1) AND XLXN_16(2) AND kropka AND 
	NOT XLXN_10(1) AND NOT N_PZ_266)
	OR (XLXN_16(0) AND NOT XLXN_16(1) AND NOT XLXN_16(2) AND kropka AND 
	NOT XLXN_10(1) AND NOT N_PZ_266)
	OR (XLXN_18(0) AND XLXN_18(1) AND XLXN_18(2) AND kropka AND 
	XLXN_10(1) AND NOT N_PZ_266)
	OR (XLXN_18(0) AND NOT XLXN_18(1) AND NOT XLXN_18(2) AND kropka AND 
	XLXN_10(1) AND NOT N_PZ_266)
	OR (XLXN_19(0) AND XLXN_19(1) AND XLXN_19(2) AND NOT kropka AND 
	XLXN_10(1) AND NOT N_PZ_266)
	OR (XLXN_19(0) AND NOT XLXN_19(1) AND NOT XLXN_19(2) AND NOT kropka AND 
	XLXN_10(1) AND NOT N_PZ_266));

FTCPE_kropka: FTCPE port map (kropka,'0',kropka_C,'0','0','1');
kropka_C <= (XLXI_1/counter(10) AND NOT XLXI_1/counter(6) AND 
	XLXI_1/counter(11) AND NOT XLXI_1/counter(7) AND N_PZ_219 AND XLXI_1/counter(8) AND 
	XLXI_1/counter(9) AND XLXI_1/counter(12));


segment(0) <= NOT ((kropka AND NOT XLXN_10(1)));


segment(1) <= NOT ((NOT kropka AND NOT XLXN_10(1)));


segment(2) <= NOT ((kropka AND XLXN_10(1)));


segment(3) <= NOT ((NOT kropka AND XLXN_10(1)));


Register Legend:
 FDCPE (Q,D,C,CLR,PRE,CE); 
 FDDCPE (Q,D,C,CLR,PRE,CE); 
 FTCPE (Q,D,C,CLR,PRE,CE); 
 FTDCPE (Q,D,C,CLR,PRE,CE); 
 LDCP  (Q,D,G,CLR,PRE); 

******************************  Device Pin Out *****************************

Device : XC2C256-6-TQ144


Pin Signal                         Pin Signal                        
No. Name                           No. Name                          
  1 VCC                              73 VCCIO-1.8                     
  2 KPR                              74 KPR                           
  3 KPR                              75 KPR                           
  4 KPR                              76 KPR                           
  5 KPR                              77 KPR                           
  6 KPR                              78 KPR                           
  7 KPR                              79 KPR                           
  8 VCCAUX                           80 KPR                           
  9 KPR                              81 KPR                           
 10 KPR                              82 KPR                           
 11 KPR                              83 KPR                           
 12 KPR                              84 VCC                           
 13 KPR                              85 KPR                           
 14 KPR                              86 KPR                           
 15 KPR                              87 KPR                           
 16 KPR                              88 KPR                           
 17 KPR                              89 GND                           
 18 KPR                              90 GND                           
 19 KPR                              91 KPR                           
 20 KPR                              92 KPR                           
 21 KPR                              93 VCCIO-1.8                     
 22 KPR                              94 przyciski<1>                  
 23 KPR                              95 KPR                           
 24 KPR                              96 KPR                           
 25 KPR                              97 KPR                           
 26 KPR                              98 KPR                           
 27 VCCIO-1.8                        99 GND                           
 28 KPR                             100 KPR                           
 29 GND                             101 KPR                           
 30 KPR                             102 KPR                           
 31 KPR                             103 KPR                           
 32 KPR                             104 KPR                           
 33 KPR                             105 KPR                           
 34 KPR                             106 KPR                           
 35 KPR                             107 KPR                           
 36 GND                             108 GND                           
 37 VCC                             109 VCCIO-1.8                     
 38 clock                           110 KPR                           
 39 przelaczniki<0>                 111 KPR                           
 40 KPR                             112 KPR                           
 41 KPR                             113 KPR                           
 42 KPR                             114 KPR                           
 43 KPR                             115 KPR                           
 44 KPR                             116 KPR                           
 45 KPR                             117 KPR                           
 46 KPR                             118 KPR                           
 47 GND                             119 KPR                           
 48 KPR                             120 KPR                           
 49 KPR                             121 KPR                           
 50 KPR                             122 TDO                           
 51 KPR                             123 GND                           
 52 KPR                             124 przelaczniki<1>               
 53 katody_7seg<1>                  125 KPR                           
 54 katody_7seg<5>                  126 segment<0>                    
 55 VCCIO-1.8                       127 VCCIO-1.8                     
 56 katody_7seg<0>                  128 segment<1>                    
 57 katody_7seg<4>                  129 segment<2>                    
 58 katody_7seg<3>                  130 segment<3>                    
 59 kropka                          131 KPR                           
 60 katody_7seg<2>                  132 KPR                           
 61 katody_7seg<6>                  133 KPR                           
 62 GND                             134 KPR                           
 63 TDI                             135 KPR                           
 64 diody<3>                        136 KPR                           
 65 TMS                             137 KPR                           
 66 diody<2>                        138 KPR                           
 67 TCK                             139 KPR                           
 68 diody<1>                        140 KPR                           
 69 diody<0>                        141 VCCIO-1.8                     
 70 KPR                             142 KPR                           
 71 KPR                             143 przyciski<0>                  
 72 GND                             144 GND                           


Legend :  NC  = Not Connected, unbonded pin
        PGND  = Unused I/O configured as additional Ground pin
         KPR  = Unused I/O with weak keeper (leave unconnected)
         WPU  = Unused I/O with weak pull up (leave unconnected)
         TIE  = Unused I/O floating -- must tie to VCC, GND or other signal
         VCC  = Dedicated Power Pin
      VCCAUX  = Power supply for JTAG pins
   VCCIO-3.3  = I/O supply voltage for LVTTL, LVCMOS33, SSTL3_I
   VCCIO-2.5  = I/O supply voltage for LVCMOS25, SSTL2_I
   VCCIO-1.8  = I/O supply voltage for LVCMOS18
   VCCIO-1.5  = I/O supply voltage for LVCMOS15, HSTL_I
        VREF  = Reference voltage for indicated input standard
       *VREF  = Reference voltage pin selected by software
         GND  = Dedicated Ground Pin
         TDI  = Test Data In, JTAG pin
         TDO  = Test Data Out, JTAG pin
         TCK  = Test Clock, JTAG pin
         TMS  = Test Mode Select, JTAG pin
  PROHIBITED  = User reserved pin
****************************  Compiler Options  ****************************

Following is a list of all global compiler options used by the fitter run.

Device(s) Specified                         : xc2c256-6-TQ144
Optimization Method                         : DENSITY
Multi-Level Logic Optimization              : ON
Ignore Timing Specifications                : OFF
Default Register Power Up Value             : LOW
Keep User Location Constraints              : ON
What-You-See-Is-What-You-Get                : OFF
Exhaustive Fitting                          : OFF
Keep Unused Inputs                          : OFF
Slew Rate                                   : FAST
Set Unused I/O Pin Termination              : KEEPER
Global Clock Optimization                   : ON
Global Set/Reset Optimization               : ON
Global Ouput Enable Optimization            : ON
Enable Input Registers                      : ON
Function Block Fan-in Limit                 : 38
Use DATA_GATE Attribute                     : ON
Set Tristate Outputs to Termination Mode    : KEEPER
Default Voltage Standard for All Outputs    : LVCMOS18
Input Limit                                 : 32
Pterm Limit                                 : 28
